---
source: tui/src/markdown_render/preferences_tests.rs
expression: "snapshot.join(\"\\n\\n---\\n\\n\")"
---
TuiRendering { mermaid: false, math: true, tables: true, lists: true }
flowchart LR
A[Request] --> B[Reply]

---

TuiRendering { mermaid: true, math: false, tables: true, lists: true }
Inline $\alpha_1$ and \(x^{2}\).

\[
\frac{a}{b}
\]

---

TuiRendering { mermaid: true, math: true, tables: false, lists: true }
| **Name** | Value |
|---|---|
| `a` | path\_1 &amp; \* |

---

TuiRendering { mermaid: true, math: true, tables: true, lists: false }
- [ ] Pending
- [x] Done
- Ordinary
