---
source: tui/src/markdown_render/mermaid_tests.rs
expression: output
---
┌──────────────────┐  ┌──────────────────┐  ┌───────────────────┐
│ Your saved order │  │ Review & confirm │  │ DoorDash checkout │
└┬─────────────────┘  └┬─┬───────────────┘  └┬──────────────────┘
 │                     ▲ │                   ▲
 │                     │ │                   │
 │                     │ │                   │
 │                     │ │                   │
 └─────────────────────┘ │                   │
                         │                   │
                         └───────────────────┘
