---
source: tui/src/markdown_render/math_display_tests.rs
expression: "format!(\"Wide:\\n{}\\n\\nNarrow:\\n{}\", plain(formula, 80), plain(formula, 12))"
---
Wide:
      x  1
      ─ =─   first
      z  2
y_{gpt} =3   second

Narrow:
\[
\begin{align
ed}
\frac{x}{z}
&=\frac{1}
{2}
&&\text{firs
t}\\
y_{gpt}&=3
&&\text{seco
nd}\\
\end{aligned
}
\]
