---
source: tui/src/markdown_render/mermaid_tests.rs
expression: "markdown_text(source, 40)"
---
> This Mermaid diagram uses features the
> terminal renderer doesn't support.
> pie
> "Cats": 2

• Diagram:

  This Mermaid diagram uses features the
  terminal renderer doesn't support.
  pie
  "Cats": 2
