---
source: tui/src/bottom_pane/chat_composer_monitor_tests.rs
expression: rendered
---
"                                                            "
"› Ask Codex to do anything                                  "
"                                                            "
"                                                            "
"  monitor ×1 (60m) · monitor_realtime ×1 | Goal achieved (18"
