---
source: tui/src/chatwidget/tests/popups_and_settings.rs
expression: "render_bottom_popup(&chat, 80)"
---
  Select Model and Effort


› 1. Renamed model                  Older balanced model for straightforward
                                    work.
  2. Shared display name (current)  Legacy coding model.

  enter select · esc back
